CATEGORY_NODE:
-
    ID: 1
    TITLE: TEST_A
-
    ID: 3
    TITLE: TEST_C
