DATA_SOURCE_CONFIGURATION:
-
    ID: 1
    NAME: db1
    DRIVER: driver1
    URL: url1
    USER_NAME: username1
    PASSWORD: password1
-
    ID: 3
    NAME: db3
    DRIVER: driver3
    URL: url3
    USER_NAME: username3
    PASSWORD: password3
