NODE:
-
    ID: 1
    PARENT_NODE: NULL
    IS_CATEGORY: 1
    CATEGORY_ID: 1
    SQL_ID: NULL
-
    ID: 2
    PARENT_NODE: 1
    IS_CATEGORY: 1
    CATEGORY_ID: 2
    SQL_ID: NULL
-
    ID: 3
    PARENT_NODE: 2
    IS_CATEGORY: 1
    CATEGORY_ID: 33
    SQL_ID: NULL

CATEGORY_NODE:
-
    ID: 11
    TITLE: TEST_A
-
    ID: 22
    TITLE: TEST_B
-
    ID: 33
    TITLE: テストカテゴリ

