SQL_NOTE:
-
    ID: 1
    TITLE: title1
    SQL_TEMPLATE: sql1

SQL_PARAMETERS: []