SQL_NOTE:
-
    ID: 1
    TITLE: title1
    SQL_TEMPLATE: sql1
-
    ID: 3
    TITLE: title3
    SQL_TEMPLATE: sql3
-
    ID: 90
    TITLE: title90
    SQL_TEMPLATE: sql90

SQL_PARAMETERS: 
-
    SQL_ID: 3
    NAME: param3
    DATA_TYPE: NUMBER
    SORT_ORDER: 1